// Jest Snapshot v1, https://goo.gl/fbAQLP

exports[`Pruebas en NoteScreen Debe de mostrarse correctamente 1`] = `
<div
  className="notes__main-content"
>
  <div
    className="notes__appbar"
  >
    <span>
      Miercoles, 28º Julio 2021
    </span>
    <input
      id="fileSelector"
      name="file"
      onChange={[Function]}
      style={
        Object {
          "display": "none",
        }
      }
      type="file"
    />
    <div>
      <button
        className="btn"
        onClick={[Function]}
      >
        Fotografía
      </button>
      <button
        className="btn"
        onClick={[Function]}
      >
        Guardar
      </button>
    </div>
  </div>
  <div
    className="notes__content"
  >
    <input
      className="notes__title-input"
      name="title"
      onChange={[Function]}
      placeholder="Título..."
      type="text"
      value="Hello"
    />
    <textarea
      className="notes__textarea"
      name="body"
      onChange={[Function]}
      placeholder="Que paso hoy?"
      value="Hello Word"
    />
  </div>
  <button
    className="btn btn-danger"
    onClick={[Function]}
  >
    Borrar
  </button>
</div>
`;
