// Jest Snapshot v1, https://goo.gl/fbAQLP

exports[`Pruebas en el componente <HookApp></HookApp> Debe de mostrarse el componente <HookApp></HookApp> 1`] = `
<div>
  <h1>
    Hola Mundo
  </h1>
</div>
`;
