// Jest Snapshot v1, https://goo.gl/fbAQLP

exports[`Pruebas en LoginScreen Debe de mostrarse correctamente 1`] = `
<div
  className="header"
  id="inicio"
>
  <div
    className="login"
  >
    <h1>
      HeroesApp
    </h1>
    <img
      alt="logo"
      className="App-logo"
      src="logo.svg"
    />
    <button
      className="login-button"
      onClick={[Function]}
    >
      Entrar
    </button>
  </div>
  <footer
    className="footer-login"
  >
    Powered by 
    <a
      href="http://deydrums.com"
    >
      David Garcia
    </a>
  </footer>
</div>
`;
