// Jest Snapshot v1, https://goo.gl/fbAQLP

exports[`Pruebas en DashboardRoutes Debe mostrarse correctamente 1`] = `
Array [
  <nav
    className="navbar navbar-expand-lg navbar-dark bg-dark"
  >
    <div
      className="container-fluid"
    >
      <img
        alt="logo"
        className="App-logo navbar-logo"
        src="logo.svg"
      />
      <a
        className="navbar-brand"
        href="/"
        onClick={[Function]}
      >
        HeroesApp
      </a>
      <button
        aria-controls="navbarSupportedContent"
        aria-expanded="false"
        aria-label="Toggle navigation"
        className="navbar-toggler"
        data-bs-target="#navbarSupportedContent"
        data-bs-toggle="collapse"
        type="button"
      >
        <span
          className="navbar-toggler-icon"
        />
      </button>
      <div
        className="collapse navbar-collapse"
        id="navbarSupportedContent"
      >
        <div
          className="navbar-nav me-auto mb-2 mb-lg-0"
        >
          <a
            aria-current="page"
            className="nav-item nav-link active"
            href="/marvel"
            onClick={[Function]}
            style={Object {}}
          >
            Marvel
          </a>
          <a
            aria-current={null}
            className="nav-item nav-link"
            href="/dc"
            onClick={[Function]}
          >
            DC
          </a>
          <a
            aria-current={null}
            className="nav-item nav-link"
            href="/search"
            onClick={[Function]}
          >
            Buscar
          </a>
        </div>
        <div
          className="navbar-nav navbar-right"
        >
          <span
            className="nav-item nav-link text-info"
          >
            dagarcia100@gmail.com
          </span>
          <a
            className="nav-item nav-link logout"
            onClick={[Function]}
          >
            Logout
          </a>
        </div>
      </div>
    </div>
  </nav>,
  <div
    className="container mt-5"
  >
    <div>
      <h1
        className="title"
      >
        Marvel Héroes
      </h1>
      <hr />
      <div
        className="content-cards animate__animated animate__fadeIn"
      >
        <a
          className="my-card"
          href="/hero/marvel-spider"
          onClick={[Function]}
        >
          <img
            alt="Spider Man"
            className="img img-responsive"
          />
          <div
            className="profile-name"
          >
            Spider Man
          </div>
          <div
            className="profile-position"
          >
            Peter Parker
          </div>
          <div
            className="profile-overview"
          >
            <div
              className="profile-overview"
            >
              <div
                className="row"
              >
                <div
                  className="col-ms-4"
                >
                  <h3>
                    Marvel Comics
                  </h3>
                  <p>
                    Primera aparición: 
                    <br />
                    Amazing Fantasy #15
                  </p>
                </div>
              </div>
            </div>
          </div>
        </a>
        <a
          className="my-card"
          href="/hero/marvel-captain"
          onClick={[Function]}
        >
          <img
            alt="Captain America"
            className="img img-responsive"
          />
          <div
            className="profile-name"
          >
            Captain America
          </div>
          <div
            className="profile-position"
          >
            Steve Rogers
          </div>
          <div
            className="profile-overview"
          >
            <div
              className="profile-overview"
            >
              <div
                className="row"
              >
                <div
                  className="col-ms-4"
                >
                  <h3>
                    Marvel Comics
                  </h3>
                  <p>
                    Primera aparición: 
                    <br />
                    Captain America Comics #1
                  </p>
                </div>
              </div>
            </div>
          </div>
        </a>
        <a
          className="my-card"
          href="/hero/marvel-iron"
          onClick={[Function]}
        >
          <img
            alt="Iron Man"
            className="img img-responsive"
          />
          <div
            className="profile-name"
          >
            Iron Man
          </div>
          <div
            className="profile-position"
          >
            Tony Stark
          </div>
          <div
            className="profile-overview"
          >
            <div
              className="profile-overview"
            >
              <div
                className="row"
              >
                <div
                  className="col-ms-4"
                >
                  <h3>
                    Marvel Comics
                  </h3>
                  <p>
                    Primera aparición: 
                    <br />
                    Tales of Suspense #39
                  </p>
                </div>
              </div>
            </div>
          </div>
        </a>
        <a
          className="my-card"
          href="/hero/marvel-thor"
          onClick={[Function]}
        >
          <img
            alt="Thor"
            className="img img-responsive"
          />
          <div
            className="profile-name"
          >
            Thor
          </div>
          <div
            className="profile-position"
          >
            Thor Odinson
          </div>
          <div
            className="profile-overview"
          >
            <div
              className="profile-overview"
            >
              <div
                className="row"
              >
                <div
                  className="col-ms-4"
                >
                  <h3>
                    Marvel Comics
                  </h3>
                  <p>
                    Primera aparición: 
                    <br />
                    Journey into Myster #83
                  </p>
                </div>
              </div>
            </div>
          </div>
        </a>
        <a
          className="my-card"
          href="/hero/marvel-hulk"
          onClick={[Function]}
        >
          <img
            alt="Hulk"
            className="img img-responsive"
          />
          <div
            className="profile-name"
          >
            Hulk
          </div>
          <div
            className="profile-position"
          >
            Bruce Banner
          </div>
          <div
            className="profile-overview"
          >
            <div
              className="profile-overview"
            >
              <div
                className="row"
              >
                <div
                  className="col-ms-4"
                >
                  <h3>
                    Marvel Comics
                  </h3>
                  <p>
                    Primera aparición: 
                    <br />
                    The Incredible Hulk #1
                  </p>
                </div>
              </div>
            </div>
          </div>
        </a>
        <a
          className="my-card"
          href="/hero/marvel-wolverine"
          onClick={[Function]}
        >
          <img
            alt="Wolverine"
            className="img img-responsive"
          />
          <div
            className="profile-name"
          >
            Wolverine
          </div>
          <div
            className="profile-position"
          >
            James Howlett
          </div>
          <div
            className="profile-overview"
          >
            <div
              className="profile-overview"
            >
              <div
                className="row"
              >
                <div
                  className="col-ms-4"
                >
                  <h3>
                    Marvel Comics
                  </h3>
                  <p>
                    Primera aparición: 
                    <br />
                    The Incredible Hulk #180
                  </p>
                </div>
              </div>
            </div>
          </div>
        </a>
        <a
          className="my-card"
          href="/hero/marvel-daredevil"
          onClick={[Function]}
        >
          <img
            alt="Daredevil"
            className="img img-responsive"
          />
          <div
            className="profile-name"
          >
            Daredevil
          </div>
          <div
            className="profile-position"
          >
            Matthew Michael Murdock
          </div>
          <div
            className="profile-overview"
          >
            <div
              className="profile-overview"
            >
              <div
                className="row"
              >
                <div
                  className="col-ms-4"
                >
                  <h3>
                    Marvel Comics
                  </h3>
                  <p>
                    Primera aparición: 
                    <br />
                    Daredevil #1
                  </p>
                </div>
              </div>
            </div>
          </div>
        </a>
        <a
          className="my-card"
          href="/hero/marvel-hawkeye"
          onClick={[Function]}
        >
          <img
            alt="Hawkeye"
            className="img img-responsive"
          />
          <div
            className="profile-name"
          >
            Hawkeye
          </div>
          <div
            className="profile-position"
          >
            Clinton Francis Barton
          </div>
          <div
            className="profile-overview"
          >
            <div
              className="profile-overview"
            >
              <div
                className="row"
              >
                <div
                  className="col-ms-4"
                >
                  <h3>
                    Marvel Comics
                  </h3>
                  <p>
                    Primera aparición: 
                    <br />
                    Tales of Suspense #57
                  </p>
                </div>
              </div>
            </div>
          </div>
        </a>
        <a
          className="my-card"
          href="/hero/marvel-cyclops"
          onClick={[Function]}
        >
          <img
            alt="Cyclops"
            className="img img-responsive"
          />
          <div
            className="profile-name"
          >
            Cyclops
          </div>
          <div
            className="profile-position"
          >
            Scott Summers
          </div>
          <div
            className="profile-overview"
          >
            <div
              className="profile-overview"
            >
              <div
                className="row"
              >
                <div
                  className="col-ms-4"
                >
                  <h3>
                    Marvel Comics
                  </h3>
                  <p>
                    Primera aparición: 
                    <br />
                    X-Men #1
                  </p>
                </div>
              </div>
            </div>
          </div>
        </a>
        <a
          className="my-card"
          href="/hero/marvel-silver"
          onClick={[Function]}
        >
          <img
            alt="Silver Surfer"
            className="img img-responsive"
          />
          <div
            className="profile-name"
          >
            Silver Surfer
          </div>
          <div
            className="profile-position"
          >
            Norrin Radd
          </div>
          <div
            className="profile-overview"
          >
            <div
              className="profile-overview"
            >
              <div
                className="row"
              >
                <div
                  className="col-ms-4"
                >
                  <h3>
                    Marvel Comics
                  </h3>
                  <p>
                    Primera aparición: 
                    <br />
                    The Fantastic Four #48
                  </p>
                </div>
              </div>
            </div>
          </div>
        </a>
      </div>
    </div>
  </div>,
]
`;
