// Jest Snapshot v1, https://goo.gl/fbAQLP

exports[`Pruebas en RegisterScreen Debe de mostrarse correctamente 1`] = `
Array [
  <h3
    className="auth__title"
  >
    Registrarse
  </h3>,
  <form
    onSubmit={[Function]}
  >
    <input
      autoComplete="off"
      className="auth__input"
      name="name"
      onChange={[Function]}
      placeholder="Nombre..."
      type="text"
      value=""
    />
    <input
      autoComplete="off"
      className="auth__input"
      name="email"
      onChange={[Function]}
      placeholder="Email..."
      type="text"
      value=""
    />
    <input
      className="auth__input"
      name="password"
      onChange={[Function]}
      placeholder="Contraseña..."
      type="password"
      value=""
    />
    <input
      className="auth__input"
      name="password2"
      onChange={[Function]}
      placeholder="Confirmar contraseña..."
      type="password"
      value=""
    />
    <button
      className="btn btn-primary btn-block mb-3"
      type="submit"
    >
      Registrarse
    </button>
    <a
      className="link"
      href="/auth/login"
      onClick={[Function]}
    >
      Logueate aquí
    </a>
  </form>,
]
`;
