// Jest Snapshot v1, https://goo.gl/fbAQLP

exports[`Pruebas en JournalEntry Debe de mostrarse correctamente 1`] = `
<div
  className="journal__entry pointer animate__animated animate__fadeIn"
  onClick={[Function]}
>
  <div
    className="journal__entry-picture"
    style={
      Object {
        "backgroundImage": "url(http://deycrums.com/ho.jpg)",
        "backgroundSize": "cover",
      }
    }
  />
  <div
    className="journal__entry-body"
  >
    <p
      className="journal__entry-title"
    >
      Hola
    </p>
    <p
      className="journal__entry-content"
    >
      Mundo
    </p>
  </div>
  <div
    className="journal__entry-date-box"
  >
    <span>
      Miercoles
    </span>
    <h4>
      31ยบ
    </h4>
    <span>
      Dec.
      1969
    </span>
  </div>
</div>
`;
