// Jest Snapshot v1, https://goo.gl/fbAQLP

exports[`Pruebas en Sidebar Debe de mostrarse correctamente 1`] = `
<nav
  className="journal__sidebar"
>
  <div
    className="journal__sidebar-btnlogout"
  >
    <button
      className="btn"
      onClick={[Function]}
    >
      Cerrar sesi√≥n
    </button>
  </div>
  <div
    className="journal__sidebar-navbar"
  >
    <i
      className="fa fa-moon"
    />
    <h3>
      <span>
         
      </span>
    </h3>
  </div>
  <div
    className="journal__new-entry"
    onClick={[Function]}
  >
    <i
      className="far fa-calendar-plus fa-5x"
    />
    <p
      className="mt-5"
    >
      Nueva entrada
    </p>
  </div>
  <div
    className="journal__entries "
  />
</nav>
`;
